// Jest Snapshot v1, https://goo.gl/fbAQLP

exports[`EpisodePage renders a title 1`] = `null`;
